<!doctype html>
<html lang="en">
 <head>
  <meta charset="UTF-8">
  <meta name="viewport" content="width=device-width, initial-scale=1">
  <script type="text/javascript" src="/htmx.min.js">
		</script>
  <script type="text/javascript" src="/_hyperscript.min.js">
		</script>
  <link rel="stylesheet" href="/css/bootstrap.css">
  <title>
			htmx with http4k and kotlin-html-builder
		</title>
 </head>
 <body>
  <div class="container">
   <h1>htmx with http4k and kotlin-html-builder</h1>
   <h2>Examples</h2>
   <h3>htmx UI</h3>
   <ul id="menu">
    <li><a href="/click-to-edit"> Click to edit </a></li>
    <li><a href="/bulk-update"> Bulk update </a></li>
    <li><a href="/click-to-load"> Click to load </a></li>
    <li><a href="/infinite-scroll"> Infinite scroll </a></li>
    <li><a href="/value-select"> Value select </a></li>
    <li><a href="/modal-dialog"> Modal dialog using Bootstrap </a></li>
   </ul>
   <h3>Complete use cases</h3>
   <ul>
    <li><a href="/todo-list"> To do list </a></li>
   </ul>
  </div>
 </body>
</html>